asura-scraper.py:INFO:get asura main url db called
